{
  "version": "1.5.0",
  "plugins_used": [
    {
      "name": "ArtifactoryDetector"
    },
    {
      "name": "AWSKeyDetector"
    },
    {
      "name": "AzureStorageKeyDetector"
    },
    {
      "name": "Base64HighEntropyString",
      "limit": 4.5
    },
    {
      "name": "BasicAuthDetector"
    },
    {
      "name": "CloudantDetector"
    },
    {
      "name": "DiscordBotTokenDetector"
    },
    {
      "name": "GitHubTokenDetector"
    },
    {
      "name": "GitLabTokenDetector"
    },
    {
      "name": "HexHighEntropyString",
      "limit": 3.0
    },
    {
      "name": "IbmCloudIamDetector"
    },
    {
      "name": "IbmCosHmacDetector"
    },
    {
      "name": "IPPublicDetector"
    },
    {
      "name": "JwtTokenDetector"
    },
    {
      "name": "KeywordDetector",
      "keyword_exclude": ""
    },
    {
      "name": "MailchimpDetector"
    },
    {
      "name": "NpmDetector"
    },
    {
      "name": "OpenAIDetector"
    },
    {
      "name": "PrivateKeyDetector"
    },
    {
      "name": "PypiTokenDetector"
    },
    {
      "name": "SendGridDetector"
    },
    {
      "name": "SlackDetector"
    },
    {
      "name": "SoftlayerDetector"
    },
    {
      "name": "SquareOAuthDetector"
    },
    {
      "name": "StripeDetector"
    },
    {
      "name": "TelegramBotTokenDetector"
    },
    {
      "name": "TwilioKeyDetector"
    }
  ],
  "filters_used": [
    {
      "path": "detect_secrets.filters.allowlist.is_line_allowlisted"
    },
    {
      "path": "detect_secrets.filters.common.is_baseline_file",
      "filename": ".secrets.baseline"
    },
    {
      "path": "detect_secrets.filters.common.is_ignored_due_to_verification_policies",
      "min_level": 2
    },
    {
      "path": "detect_secrets.filters.heuristic.is_indirect_reference"
    },
    {
      "path": "detect_secrets.filters.heuristic.is_likely_id_string"
    },
    {
      "path": "detect_secrets.filters.heuristic.is_lock_file"
    },
    {
      "path": "detect_secrets.filters.heuristic.is_not_alphanumeric_string"
    },
    {
      "path": "detect_secrets.filters.heuristic.is_potential_uuid"
    },
    {
      "path": "detect_secrets.filters.heuristic.is_prefixed_with_dollar_sign"
    },
    {
      "path": "detect_secrets.filters.heuristic.is_sequential_string"
    },
    {
      "path": "detect_secrets.filters.heuristic.is_swagger_file"
    },
    {
      "path": "detect_secrets.filters.heuristic.is_templated_secret"
    },
    {
      "path": "detect_secrets.filters.regex.should_exclude_file",
      "pattern": [
        "(^|/)(apps/api/migrations/versions/|phase22-wip\\.patch$|pnpm-lock\\.yaml$|uv\\.lock$|\\.secrets\\.baseline$)"
      ]
    }
  ],
  "results": {
    "apps/api/src/app/core/config.py": [
      {
        "type": "Base64 High Entropy String",
        "filename": "apps/api/src/app/core/config.py",
        "hashed_secret": "f2a832e76ac8ff76a637bdf363c0178b2caaf91c",
        "is_verified": false,
        "line_number": 351
      },
      {
        "type": "Base64 High Entropy String",
        "filename": "apps/api/src/app/core/config.py",
        "hashed_secret": "d666637e7b223fcf7e84e7f1e272d62f261d8077",
        "is_verified": false,
        "line_number": 539
      }
    ],
    "apps/api/tests/api/test_app_factory.py": [
      {
        "type": "Basic Auth Credentials",
        "filename": "apps/api/tests/api/test_app_factory.py",
        "hashed_secret": "51cff3c1f0bc59f6187e7040cc12a4e9b1eca7aa",
        "is_verified": false,
        "line_number": 20
      }
    ],
    "apps/api/tests/api/test_auth.py": [
      {
        "type": "Secret Keyword",
        "filename": "apps/api/tests/api/test_auth.py",
        "hashed_secret": "2b9618d861a339ce6c893e5a00b5798b3370dc6f",
        "is_verified": false,
        "line_number": 84
      },
      {
        "type": "Secret Keyword",
        "filename": "apps/api/tests/api/test_auth.py",
        "hashed_secret": "8867c88b56e0bfb82cffaf15a66bc8d107d6754a",
        "is_verified": false,
        "line_number": 103
      }
    ],
    "apps/api/tests/api/test_error_handlers.py": [
      {
        "type": "Basic Auth Credentials",
        "filename": "apps/api/tests/api/test_error_handlers.py",
        "hashed_secret": "10797dadcfe91a7717765eb4de5d72523c07c57b",
        "is_verified": false,
        "line_number": 15
      },
      {
        "type": "Secret Keyword",
        "filename": "apps/api/tests/api/test_error_handlers.py",
        "hashed_secret": "6a5c70bdd00dafe81bc01e139cacdb2517a54b5f",
        "is_verified": false,
        "line_number": 15
      }
    ],
    "apps/api/tests/api/test_health.py": [
      {
        "type": "Basic Auth Credentials",
        "filename": "apps/api/tests/api/test_health.py",
        "hashed_secret": "c361d2edd3522051c52b05fd1ca8040d1c2aa66b",
        "is_verified": false,
        "line_number": 34
      }
    ],
    "apps/api/tests/api/test_security_middleware.py": [
      {
        "type": "Secret Keyword",
        "filename": "apps/api/tests/api/test_security_middleware.py",
        "hashed_secret": "2b9618d861a339ce6c893e5a00b5798b3370dc6f",
        "is_verified": false,
        "line_number": 72
      },
      {
        "type": "Basic Auth Credentials",
        "filename": "apps/api/tests/api/test_security_middleware.py",
        "hashed_secret": "51cff3c1f0bc59f6187e7040cc12a4e9b1eca7aa",
        "is_verified": false,
        "line_number": 108
      }
    ],
    "apps/api/tests/integration/test_auth_service.py": [
      {
        "type": "Secret Keyword",
        "filename": "apps/api/tests/integration/test_auth_service.py",
        "hashed_secret": "9c75dd0599d3c7f7e8a9c85bc2a6a8f685720cdb",
        "is_verified": false,
        "line_number": 51
      },
      {
        "type": "Secret Keyword",
        "filename": "apps/api/tests/integration/test_auth_service.py",
        "hashed_secret": "d8c64feb1ce4fab46b6e0983217f3d4bcdea6257",
        "is_verified": false,
        "line_number": 66
      }
    ],
    "apps/api/tests/integration/test_database_foundation.py": [
      {
        "type": "Hex High Entropy String",
        "filename": "apps/api/tests/integration/test_database_foundation.py",
        "hashed_secret": "fa690bbea6867fcb80d7bf08b2dd8589307c10b1",
        "is_verified": false,
        "line_number": 177
      },
      {
        "type": "Hex High Entropy String",
        "filename": "apps/api/tests/integration/test_database_foundation.py",
        "hashed_secret": "56d4724afcf5c924a9dd03f8a44916dc616285a4",
        "is_verified": false,
        "line_number": 228
      },
      {
        "type": "Secret Keyword",
        "filename": "apps/api/tests/integration/test_database_foundation.py",
        "hashed_secret": "a507dc48735c26fa780e2bb08ba87f676df8073d",
        "is_verified": false,
        "line_number": 766
      }
    ],
    "apps/api/tests/unit/test_config.py": [
      {
        "type": "Basic Auth Credentials",
        "filename": "apps/api/tests/unit/test_config.py",
        "hashed_secret": "f9310f785a11255f0975f3ac9e5cfee3070810ee",
        "is_verified": false,
        "line_number": 133
      }
    ],
    "apps/web/messages/en.json": [
      {
        "type": "Secret Keyword",
        "filename": "apps/web/messages/en.json",
        "hashed_secret": "8be3c943b1609fffbfc51aad666d0a04adf83c9d",
        "is_verified": false,
        "line_number": 42
      },
      {
        "type": "Secret Keyword",
        "filename": "apps/web/messages/en.json",
        "hashed_secret": "46affb94e0a5834ae99dd5bb9baecae2b6bd0756",
        "is_verified": false,
        "line_number": 46
      },
      {
        "type": "Secret Keyword",
        "filename": "apps/web/messages/en.json",
        "hashed_secret": "0d5d85234a4138fa08a65c5b2e933735be7e4489",
        "is_verified": false,
        "line_number": 47
      }
    ],
    "apps/web/messages/nb.json": [
      {
        "type": "Secret Keyword",
        "filename": "apps/web/messages/nb.json",
        "hashed_secret": "0bcfb4cb7d7779094d3ae6d319be4f9ec248cf96",
        "is_verified": false,
        "line_number": 42
      },
      {
        "type": "Secret Keyword",
        "filename": "apps/web/messages/nb.json",
        "hashed_secret": "92d3f06c2710c39978a98d584a86d3057f73821f",
        "is_verified": false,
        "line_number": 46
      },
      {
        "type": "Secret Keyword",
        "filename": "apps/web/messages/nb.json",
        "hashed_secret": "113a668c12e6c295111fb25dccd32f99d23f4fdb",
        "is_verified": false,
        "line_number": 47
      }
    ],
    "apps/web/src/tests/unit/api-client.test.ts": [
      {
        "type": "Secret Keyword",
        "filename": "apps/web/src/tests/unit/api-client.test.ts",
        "hashed_secret": "df77a6b3e1381f280f62cc2eceea74ec575efde6",
        "is_verified": false,
        "line_number": 33
      }
    ],
    "apps/web/src/tests/unit/api-runtime-proxy.test.ts": [
      {
        "type": "Basic Auth Credentials",
        "filename": "apps/web/src/tests/unit/api-runtime-proxy.test.ts",
        "hashed_secret": "5baa61e4c9b93f3f0682250b6cf8331b7ee68fd8",
        "is_verified": false,
        "line_number": 14
      }
    ],
    "apps/web/src/tests/unit/login-form.test.tsx": [
      {
        "type": "Secret Keyword",
        "filename": "apps/web/src/tests/unit/login-form.test.tsx",
        "hashed_secret": "df77a6b3e1381f280f62cc2eceea74ec575efde6",
        "is_verified": false,
        "line_number": 46
      }
    ],
    "package.json": [
      {
        "type": "Secret Keyword",
        "filename": "package.json",
        "hashed_secret": "7c4721a3edc3428a4b6f16b4f7ee04dc9f62ae90",
        "is_verified": false,
        "line_number": 32
      }
    ],
    "services/agent_orchestrator/tests/test_intake_graph.py": [
      {
        "type": "Secret Keyword",
        "filename": "services/agent_orchestrator/tests/test_intake_graph.py",
        "hashed_secret": "02083f4579e08a612425c0c1a17ee47add783b94",
        "is_verified": false,
        "line_number": 196
      }
    ]
  },
  "generated_at": "2026-06-23T19:04:38Z"
}
